# 2026-09-24T01:35:31Z DB snapshot right after the R2 cutover (before any R2 write)
              at               |       alembic        
-------------------------------+----------------------
 2026-09-24 01:35:32.414032+00 | 0008_librarian_tasks

 links_total | links_superseded | links_valid_closed 
-------------+------------------+--------------------
           0 |                0 |                  0

 versions_total | versions_superseded | versions_valid_closed 
----------------+---------------------+-----------------------
             62 |                   0 |                     0

       kind        | count 
-------------------+-------
 call_the_day      |     2
 device_approved   |     5
 device_minted     |    11
 device_registered |     6
 device_revoked    |    11
 grant_added       |    15
 grant_revoked     |     4
 project_created   |     6
 write             |    60

 job_kind | status | priority | count 
----------+--------+----------+-------
 embed    | done   |        5 |    62

 version_signals 
-----------------
               0

 status | kind | count 
--------+------+-------

 batches | batches_applied 
---------+-----------------
       0 |               0

 llm_calls | cost_usd 
-----------+----------
         0 |   0.0000

