# 2026-09-25T17:01:40Z §7 observer check #1 on R3 (since BASE_EVENT=1843: the R3 cutover, the env switch, 11 remote gates, G-LIVE-C 320 risk_checks)
worker      ready=0 oldest_ready_age_s=None last_done_at=2026-09-25T13:45:40.134173+00:00 expired_leases=0
librarian   ready=0 in_flight=0 role=observer breaker=closed (ledger, 0 calls/15m) failed_24h=0 spend_today_usd=0.729588 spend_hour_usd=0.0 reserved_usd=0.0
 since_event_id | max_event_id | librarian_events 
----------------+--------------+------------------
           1843 |         1863 |                3

      op       |   role   | n 
---------------+----------+---
 <none>        | observer | 1
 signal_upsert | observer | 2

 links_by_librarian | versions_by_librarian | signals_by_librarian_allowed 
--------------------+-----------------------+------------------------------
                  0 |                     0 |                            2

 versions_superseded | versions_valid_closed 
---------------------+-----------------------
                   0 |                     0

 links_total | links_closed 
-------------+--------------
           0 |            0

 batches_decided_or_applied | batches_total 
----------------------------+---------------
                          0 |            45

 status | questions 
--------+-----------
 open   |      1057

## ops librarian audit (applied proposals/batches must be 0)
r3-base proposals 224 by_status {'open': 224} applied_batches 0
r3-load proposals 0 by_status {} applied_batches 0
rk-main proposals 3 by_status {'open': 3} applied_batches 0
gates-probe proposals 0 by_status {} applied_batches 0
